Microsoft (R) Test Execution Command Line Tool Version ${ToolVersion} Copyright (c) Microsoft Corporation.  All rights reserved.

Starting test execution, please wait...
Information: Found ${NrOfTests} tests in executable ${BaseDir}\SampleTests\${ConfigurationName}\CrashingTests.exe

Information: Running 6 tests...

Information: Test execution completed.

Failed   Crashing.AddFailsAfterCrash

Failed   Crashing.AddFailsBeforeCrash

Passed   Crashing.LongRunning
Failed   Crashing.TheCrash

Skipped  Crashing.AddPassesBeforeCrash

Skipped  Crashing.AddPassesAfterCrash


Total tests: 6. Passed: 1. Failed: 3. Skipped: 2.
Test execution time: ${RunTime}

Google Test Adapter Coverage Marker