Microsoft (R) Test Execution Command Line Tool Version ${ToolVersion} Copyright (c) Microsoft Corporation.  All rights reserved.

Starting test execution, please wait...
Information: Found ${NrOfTests} tests in executable ${BaseDir}\SampleTests\${ConfigurationName}\Tests.exe

Information: Running 14 tests...

Information: Test execution completed.

Passed   TheFixture.AddPassesWithTraits
Passed   TheFixture.AddPassesWithTraits2
Passed   TheFixture.AddPassesWithTraits3
Passed   TestMath.AddPassesWithTraits3
Passed   TestMath.AddPassesWithTraits2
Passed   TestMath.AddPassesWithTraits
Failed   InstantiationName/ParameterizedTests.SimpleTraits2/2 [(-1,)]

Passed   InstantiationName/ParameterizedTests.SimpleTraits2/0 [(1,)]
Passed   InstantiationName/ParameterizedTests.SimpleTraits/0 [(1,)]
Failed   InstantiationName/ParameterizedTests.SimpleTraits/2 [(-1,)]

Failed   InstantiationName/ParameterizedTests.SimpleTraits/1 [(1,!)]

Failed   InstantiationName/ParameterizedTests.SimpleTraits2/1 [(1,!)]

Failed   ParameterizedTests.SimpleTraits/0 [(0,_)]

Failed   ParameterizedTests.SimpleTraits2/0 [(0,_)]


Total tests: 14. Passed: 8. Failed: 6. Skipped: 0.
Test execution time: ${RunTime}