Microsoft (R) Test Execution Command Line Tool Version ${ToolVersion} Copyright (c) Microsoft Corporation.  All rights reserved.

Starting test execution, please wait...
Information: Found 2 tests in executable ${BaseDir}\GoogleTestAdapter\Core.Tests\bin\${ConfigurationName}\Resources\TestData\_x86\StaticallyLinkedGoogleTests\StaticallyLinkedGoogleTests.exe

Information: Running 2 tests...

Information: Test execution completed.

Passed   FooTest.DoesXyz
Failed   FooTest.MethodBarDoesAbc


Total tests: 2. Passed: 1. Failed: 1. Skipped: 0.
Test execution time: ${RunTime}

Google Test Adapter Coverage Marker