Microsoft (R) Test Execution Command Line Tool Version ${ToolVersion} Copyright (c) Microsoft Corporation.  All rights reserved.

The following Tests are available:
Information: Found 4 tests in executable ${SolutionDir}\Debug\CrashingTests.exe

    Crashing.TheCrash
    Crashing.AddFails
    Crashing.AddPasses
    Crashing.LongRunning