Microsoft (R) Test Execution Command Line Tool Version ${ToolVersion} Copyright (c) Microsoft Corporation.  All rights reserved.

Starting test execution, please wait...
Information: Found 61 tests in executable ${BaseDir}\SampleTests\${ConfigurationName}\Tests.exe

Information: Running 7 tests...

Information: Test execution completed.

Failed   Vec/TypeParameterizedTests/0.ThreeTraits<std::vector<int,std::allocator<int> > >

Failed   Arr/TypeParameterizedTests/0.ThreeTraits<std::array<int,3> >

Passed   Arr/TypeParameterizedTests/1.ThreeTraits<MyStrangeArray>
Failed   InstantiationName/ParameterizedTests.SimpleTraits3/2 [(-1,)]

Failed   InstantiationName/ParameterizedTests.SimpleTraits3/1 [(1,!)]

Passed   InstantiationName/ParameterizedTests.SimpleTraits3/0 [(1,)]
Failed   ParameterizedTests.SimpleTraits3/0 [(0,_)]


Total tests: 7. Passed: 2. Failed: 5. Skipped: 0.
Test execution time: ${RunTime}