Microsoft (R) Test Execution Command Line Tool Version ${ToolVersion} Copyright (c) Microsoft Corporation.  All rights reserved.

Starting test execution, please wait...
Information: Found 61 tests in executable ${BaseDir}\SampleTests\${ConfigurationName}\Tests.exe

Information: Running 3 tests...

Information: Test execution completed.

Failed   Vec/TypeParameterizedTests/0.ThreeTraits<std::vector<int,std::allocator<int> > >

Failed   Arr/TypeParameterizedTests/0.ThreeTraits<std::array<int,3> >

Passed   Arr/TypeParameterizedTests/1.ThreeTraits<MyStrangeArray>

Total tests: 3. Passed: 1. Failed: 2. Skipped: 0.
Test execution time: ${RunTime}