Microsoft (R) Test Execution Command Line Tool Version ${ToolVersion} Copyright (c) Microsoft Corporation.  All rights reserved.

Starting test execution, please wait...
Information: Found 4 tests in executable ${BaseDir}\SampleTests\Debug\CrashingTests.exe

Information: Running 4 tests...

Information: Test execution completed.

Failed   Crashing.TheCrash

Skipped  Crashing.AddFails

Skipped  Crashing.AddPasses

Skipped  Crashing.LongRunning


Total tests: 4. Passed: 0. Failed: 1. Skipped: 3.
Test execution time: ${RunTime}