Microsoft (R) Test Execution Command Line Tool Version ${ToolVersion} Copyright (c) Microsoft Corporation.  All rights reserved.

Starting test execution, please wait...
Warning: Could not find diagnostic data adapter 'Code Coverage'. Make sure diagnostic data adapter is installed and try again.

Information: Found 4 tests in executable ${BaseDir}\SampleTests\${ConfigurationName}\CrashingTests.exe

Information: Running 4 tests...

Information: Test execution completed.

Failed   Crashing.AddFails

Passed   Crashing.AddPasses
Passed   Crashing.LongRunning
Failed   Crashing.TheCrash


Total tests: 4. Passed: 2. Failed: 2. Skipped: 0.
Test execution time: ${RunTime}