Microsoft (R) Test Execution Command Line Tool Version ${ToolVersion} Copyright (c) Microsoft Corporation.  All rights reserved.

Starting test execution, please wait...
Warning: Could not find diagnostic data adapter 'Code Coverage'. Make sure diagnostic data adapter is installed and try again.

Information: Found 2 tests in executable C:\Users\chris\git\GoogleTestAdapter\GoogleTestAdapter\Core.Tests\bin\Debug\Resources\TestData\_x86\ExternallyLinkedGoogleTests\ExternallyLinkedGoogleTests.exe

Information: Running 2 tests...

Information: Test execution completed.

Passed   BarTest.MethodBarDoesAbc
Passed   BarTest.DoesXyz

Total tests: 2. Passed: 2. Failed: 0. Skipped: 0.
Test Run Successful.
Test execution time: ${RunTime}