Microsoft (R) Test Execution Command Line Tool Version ${ToolVersion} Copyright (c) Microsoft Corporation.  All rights reserved.

Starting test execution, please wait...
Information: Found 6 tests in executable ${BaseDir}\SampleTests\${ConfigurationName}\CrashingTests.exe

Information: Running 6 tests...

Information: Test execution completed.

Failed   Crashing.AddFailsBeforeCrash

Passed   Crashing.AddPassesBeforeCrash
Failed   Crashing.TheCrash

Skipped  Crashing.AddFailsAfterCrash

Skipped  Crashing.AddPassesAfterCrash

Skipped  Crashing.LongRunning


Total tests: 6. Passed: 1. Failed: 2. Skipped: 3.
Test execution time: ${RunTime}