Microsoft (R) Test Execution Command Line Tool Version ${ToolVersion} Copyright (c) Microsoft Corporation.  All rights reserved.

Starting test execution, please wait...
Information: Found 61 tests in executable ${BaseDir}\SampleTests\${ConfigurationName}\Tests.exe



Google Test Adapter Coverage Marker