Microsoft (R) Test Execution Command Line Tool Version ${ToolVersion} Copyright (c) Microsoft Corporation.  All rights reserved.

Starting test execution, please wait...
Information: Found ${NrOfTests} tests in executable ${BaseDir}\SampleTests\${ConfigurationName}\Tests.exe


Information: Additionally, you can try specifying '/UseVsixExtensions' command if the test discoverer & executor is installed on the machine as vsix extensions and your installation supports vsix extensions. Example: vstest.console.exe myTests.dll /UseVsixExtensions:true
